11:19:56 **** Incremental Build of configuration Debug for project ledPwm ****
make -j8 all 
arm-none-eabi-gcc "../Core/Src/uart.c" -mcpu=cortex-m4 -std=gnu11 -g3 -DDEBUG -DUSE_HAL_DRIVER -DSTM32F411xE -c -I../Core/Inc -I../Drivers/STM32F4xx_HAL_Driver/Inc -I../Drivers/STM32F4xx_HAL_Driver/Inc/Legacy -I../Drivers/CMSIS/Device/ST/STM32F4xx/Include -I../Drivers/CMSIS/Include -O0 -ffunction-sections -fdata-sections -Wall -fstack-usage -fcyclomatic-complexity -MMD -MP -MF"Core/Src/uart.d" -MT"Core/Src/uart.o" --specs=nano.specs -mfpu=fpv4-sp-d16 -mfloat-abi=hard -mthumb -o "Core/Src/uart.o"
arm-none-eabi-gcc -o "ledPwm.elf" @"objects.list"   -mcpu=cortex-m4 -T"C:\Users\user\STM32CubeIDE\workspace\ledPwm\STM32F411RETX_FLASH.ld" --specs=nosys.specs -Wl,-Map="ledPwm.map" -Wl,--gc-sections -static --specs=nano.specs -mfpu=fpv4-sp-d16 -mfloat-abi=hard -mthumb -Wl,--start-group -lc -lm -Wl,--end-group
Finished building target: ledPwm.elf
 
arm-none-eabi-size  ledPwm.elf 
arm-none-eabi-objdump -h -S ledPwm.elf  > "ledPwm.list"
   text	   data	    bss	    dec	    hex	filename
  15124	     92	   2204	  17420	   440c	ledPwm.elf
Finished building: default.size.stdout
 
Finished building: ledPwm.list
 

11:19:58 Build Finished. 0 errors, 0 warnings. (took 1s.400ms)

